INFO:__main__:Executing model with parameters {'ee_softmax_threshold': [1.0, 1.0, 1.0, 1.0, 1.0, 1.0, 1.0, 1.0, 1.0, 1.0, 1.0, 1.0, 1.0, 1.0, 1.0]}
INFO:__main__:Perplexities: [1.821799397468567, 2.2276952266693115, 6.0214924812316895, 2.956857204437256, 4.144759654998779, 6.8271684646606445, 2.5489890575408936, 4.576054096221924, 5.968366622924805, 6.982165813446045, 8.4631929397583, 4.6989545822143555]
INFO:__main__:Perplexities mean: 4.7698, std: 2.123
INFO:__main__:Exit points mean: 15.0, std: 0.0
INFO:__main__:Exit frequencies: {1: 0.0, 2: 0.0, 3: 0.0, 4: 0.0, 5: 0.0, 6: 0.0, 7: 0.0, 8: 0.0, 9: 0.0, 10: 0.0, 11: 0.0, 12: 0.0, 13: 0.0, 14: 0.0, 15: 1.0}
INFO:__main__:
INFO:__main__:Executing model with parameters {'ee_softmax_threshold': [0.9976595044136047, 0.9958667755126953, 0.9944936633110046, 0.9934419393539429, 0.9926363229751587, 0.9920192956924438, 0.9915466904640198, 0.991184651851654, 0.9909074306488037, 0.9906949996948242, 0.9905323386192322, 0.9904077649116516, 0.9903123378753662, 0.9902392029762268, 0.9901832342147827]}
INFO:__main__:Perplexities: [1.8212904930114746, 2.2251415252685547, 6.020931720733643, 2.956554651260376, 4.140437126159668, 6.76732873916626, 2.549833297729492, 4.575197219848633, 6.176584720611572, 7.647162437438965, 8.446523666381836, 4.69339656829834]
INFO:__main__:Perplexities mean: 4.835, std: 2.1972
INFO:__main__:Exit points mean: 12.8723, std: 4.4156
INFO:__main__:Exit frequencies: {1: 0.0237, 2: 0.0493, 3: 0.0292, 4: 0.0109, 5: 0.0274, 6: 0.0164, 7: 0.0055, 8: 0.0055, 9: 0.0073, 10: 0.0128, 11: 0.0073, 12: 0.0055, 13: 0.0109, 14: 0.0055, 15: 0.7828}
INFO:__main__:
INFO:__main__:Executing model with parameters {'ee_softmax_threshold': [0.9953187704086304, 0.9917332530021667, 0.9889869689941406, 0.9868834614753723, 0.9852722883224487, 0.9840382933616638, 0.9830930829048157, 0.9823691248893738, 0.9818146228790283, 0.9813898801803589, 0.9810645580291748, 0.9808154106140137, 0.9806245565414429, 0.9804783463478088, 0.9803664088249207]}
INFO:__main__:Perplexities: [1.8143784999847412, 2.224946975708008, 6.024505615234375, 2.955202341079712, 4.104732036590576, 6.772257328033447, 2.5478713512420654, 5.612292766571045, 6.306751728057861, 7.666805744171143, 8.310003280639648, 5.001331329345703]
INFO:__main__:Perplexities mean: 4.9451, std: 2.1981
INFO:__main__:Exit points mean: 12.385, std: 4.7381
INFO:__main__:Exit frequencies: {1: 0.0237, 2: 0.0675, 3: 0.0347, 4: 0.0255, 5: 0.0201, 6: 0.0091, 7: 0.0128, 8: 0.0109, 9: 0.0055, 10: 0.0146, 11: 0.0146, 12: 0.0164, 13: 0.0128, 14: 0.0073, 15: 0.7245}
INFO:__main__:
INFO:__main__:Executing model with parameters {'ee_softmax_threshold': [0.992978036403656, 0.9875997304916382, 0.9834802150726318, 0.9803249835968018, 0.9779083132743835, 0.976057231426239, 0.9746394753456116, 0.9735535383224487, 0.9727217555046082, 0.9720847010612488, 0.9715967774391174, 0.971222996711731, 0.9709367752075195, 0.9707174897193909, 0.9705495834350586]}
INFO:__main__:Perplexities: [1.806509256362915, 2.206674337387085, 5.971925735473633, 2.955510139465332, 4.087772846221924, 6.765059947967529, 2.550687789916992, 5.607819080352783, 6.346065521240234, 7.603753089904785, 8.136391639709473, 4.9898762702941895]
INFO:__main__:Perplexities mean: 4.919, std: 2.1699
INFO:__main__:Exit points mean: 12.0201, std: 4.9248
INFO:__main__:Exit frequencies: {1: 0.0255, 2: 0.0821, 3: 0.0365, 4: 0.0237, 5: 0.0201, 6: 0.0128, 7: 0.0109, 8: 0.0182, 9: 0.0109, 10: 0.0201, 11: 0.0255, 12: 0.0109, 13: 0.0073, 14: 0.0091, 15: 0.6861}
INFO:__main__:
INFO:__main__:Executing model with parameters {'ee_softmax_threshold': [0.9906373620033264, 0.9834661483764648, 0.9779735207557678, 0.9737665057182312, 0.9705442190170288, 0.9680761694908142, 0.9661858081817627, 0.9647378921508789, 0.963628888130188, 0.9627795219421387, 0.9621289372444153, 0.9616305828094482, 0.9612489342689514, 0.9609565734863281, 0.9607326984405518]}
INFO:__main__:Perplexities: [1.809353232383728, 2.2053372859954834, 5.978096008300781, 2.9551641941070557, 4.0905890464782715, 6.772284984588623, 2.5184361934661865, 5.575947284698486, 6.56189489364624, 7.605307102203369, 8.136541366577148, 4.983630657196045]
INFO:__main__:Perplexities mean: 4.9327, std: 2.1867
INFO:__main__:Exit points mean: 11.7701, std: 5.0618
INFO:__main__:Exit frequencies: {1: 0.0255, 2: 0.1004, 3: 0.0328, 4: 0.0182, 5: 0.0274, 6: 0.0164, 7: 0.0091, 8: 0.0164, 9: 0.0146, 10: 0.0219, 11: 0.0274, 12: 0.0091, 13: 0.0109, 14: 0.0073, 15: 0.6624}
INFO:__main__:
INFO:__main__:Executing model with parameters {'ee_softmax_threshold': [0.988296627998352, 0.9793326258659363, 0.9724668264389038, 0.9672080278396606, 0.9631801843643188, 0.9600951671600342, 0.9577322006225586, 0.9559223055839539, 0.9545360803604126, 0.9534743428230286, 0.9526610970497131, 0.9520382285118103, 0.9515611529350281, 0.9511957168579102, 0.9509158730506897]}
INFO:__main__:Perplexities: [1.8111956119537354, 2.7204384803771973, 5.976672172546387, 2.9572012424468994, 4.441898822784424, 6.776185035705566, 2.518677234649658, 5.950335502624512, 6.546003818511963, 7.569366455078125, 8.748455047607422, 4.979075908660889]
INFO:__main__:Perplexities mean: 5.083, std: 2.2152
INFO:__main__:Exit points mean: 11.5201, std: 5.1661
INFO:__main__:Exit frequencies: {1: 0.0292, 2: 0.1095, 3: 0.0328, 4: 0.0182, 5: 0.0274, 6: 0.0201, 7: 0.0128, 8: 0.0128, 9: 0.0128, 10: 0.031, 11: 0.0219, 12: 0.0128, 13: 0.0146, 14: 0.0201, 15: 0.6241}
INFO:__main__:
INFO:__main__:Executing model with parameters {'ee_softmax_threshold': [0.9859558939933777, 0.9751991033554077, 0.966960072517395, 0.9606496095657349, 0.9558161497116089, 0.9521141052246094, 0.9492785930633545, 0.9471067786216736, 0.9454432725906372, 0.9441691637039185, 0.9431933164596558, 0.9424458742141724, 0.9418733716011047, 0.9414348602294922, 0.9410989880561829]}
INFO:__main__:Perplexities: [1.8089179992675781, 2.7228939533233643, 5.925780296325684, 2.9621756076812744, 4.389989376068115, 6.743647575378418, 3.144826650619507, 5.9556965827941895, 6.580778121948242, 7.454436779022217, 8.75822639465332, 4.9825758934021]
INFO:__main__:Perplexities mean: 5.1192, std: 2.1452
INFO:__main__:Exit points mean: 11.3266, std: 5.2273
INFO:__main__:Exit frequencies: {1: 0.031, 2: 0.1095, 3: 0.0365, 4: 0.0219, 5: 0.0292, 6: 0.0182, 7: 0.0164, 8: 0.0219, 9: 0.0146, 10: 0.0292, 11: 0.0182, 12: 0.0146, 13: 0.0164, 14: 0.0128, 15: 0.6095}
INFO:__main__:
INFO:__main__:Executing model with parameters {'ee_softmax_threshold': [0.9836151599884033, 0.9710655212402344, 0.961453378200531, 0.9540911316871643, 0.9484521746635437, 0.9441331028938293, 0.9408249855041504, 0.9382911920547485, 0.9363504648208618, 0.9348640441894531, 0.9337255358695984, 0.9328535199165344, 0.9321855902671814, 0.9316740036010742, 0.9312821626663208]}
INFO:__main__:Perplexities: [1.8082960844039917, 2.7226481437683105, 6.320135116577148, 2.9642651081085205, 4.39314603805542, 7.9968767166137695, 3.9217281341552734, 5.961848735809326, 6.388198375701904, 7.453315258026123, 9.40371322631836, 4.9848432540893555]
INFO:__main__:Perplexities mean: 5.3599, std: 2.3058
INFO:__main__:Exit points mean: 11.1569, std: 5.3243
INFO:__main__:Exit frequencies: {1: 0.0328, 2: 0.1241, 3: 0.0328, 4: 0.0201, 5: 0.031, 6: 0.0201, 7: 0.0164, 8: 0.0219, 9: 0.0109, 10: 0.0292, 11: 0.0182, 12: 0.0182, 13: 0.0128, 14: 0.0146, 15: 0.5967}
INFO:__main__:
INFO:__main__:Executing model with parameters {'ee_softmax_threshold': [0.9812744855880737, 0.9669319987297058, 0.955946683883667, 0.9475326538085938, 0.9410881400108337, 0.9361520409584045, 0.9323713779449463, 0.9294756054878235, 0.9272576570510864, 0.925558865070343, 0.9242576956748962, 0.9232611060142517, 0.9224978089332581, 0.9219131469726562, 0.9214653372764587]}
INFO:__main__:Perplexities: [1.8112621307373047, 2.8023500442504883, 6.441596031188965, 2.9754722118377686, 4.394654750823975, 8.00200080871582, 3.9037606716156006, 5.962752819061279, 6.47712516784668, 7.711880683898926, 9.394087791442871, 5.259000301361084]
INFO:__main__:Perplexities mean: 5.428, std: 2.3237
INFO:__main__:Exit points mean: 11.0164, std: 5.3425
INFO:__main__:Exit frequencies: {1: 0.0328, 2: 0.1277, 3: 0.0347, 4: 0.0219, 5: 0.031, 6: 0.0182, 7: 0.0128, 8: 0.0274, 9: 0.0164, 10: 0.031, 11: 0.0219, 12: 0.0182, 13: 0.0146, 14: 0.0128, 15: 0.5785}
INFO:__main__:
INFO:__main__:Executing model with parameters {'ee_softmax_threshold': [0.9789337515830994, 0.9627984762191772, 0.950439989566803, 0.940974235534668, 0.9337241053581238, 0.9281710386276245, 0.9239177703857422, 0.9206600189208984, 0.918164849281311, 0.9162537455558777, 0.9147899150848389, 0.9136687517166138, 0.9128100275993347, 0.9121522903442383, 0.9116485118865967]}
INFO:__main__:Perplexities: [1.813551902770996, 2.8096039295196533, 7.681684494018555, 3.0739457607269287, 4.3468451499938965, 8.009395599365234, 3.908364772796631, 5.96726655960083, 6.477932453155518, 7.716390132904053, 9.404070854187012, 5.264465808868408]
INFO:__main__:Perplexities mean: 5.5395, std: 2.3932
INFO:__main__:Exit points mean: 10.8942, std: 5.3782
INFO:__main__:Exit frequencies: {1: 0.0383, 2: 0.1241, 3: 0.0383, 4: 0.0237, 5: 0.0292, 6: 0.0164, 7: 0.0182, 8: 0.0292, 9: 0.0164, 10: 0.0292, 11: 0.031, 12: 0.0164, 13: 0.0091, 14: 0.0091, 15: 0.5712}
INFO:__main__:
INFO:__main__:Executing model with parameters {'ee_softmax_threshold': [0.976593017578125, 0.9586649537086487, 0.944933295249939, 0.9344157576560974, 0.9263600707054138, 0.9201899766921997, 0.9154641628265381, 0.9118444919586182, 0.9090720415115356, 0.9069485664367676, 0.9053221344947815, 0.9040763974189758, 0.9031222462654114, 0.9023914337158203, 0.9018316864967346]}
INFO:__main__:Perplexities: [1.8244301080703735, 2.801191806793213, 7.682007312774658, 3.0739457607269287, 4.462859153747559, 8.019807815551758, 3.916328191757202, 5.485095977783203, 6.447445392608643, 7.72663688659668, 9.408595085144043, 5.2717766761779785]
INFO:__main__:Perplexities mean: 5.51, std: 2.3847
INFO:__main__:Exit points mean: 10.7482, std: 5.446
INFO:__main__:Exit frequencies: {1: 0.0401, 2: 0.1314, 3: 0.0365, 4: 0.0255, 5: 0.0383, 6: 0.0164, 7: 0.0109, 8: 0.0292, 9: 0.0128, 10: 0.0328, 11: 0.0328, 12: 0.0128, 13: 0.0091, 14: 0.0109, 15: 0.5602}
INFO:__main__:
INFO:__main__:Executing model with parameters {'ee_softmax_threshold': [0.9742523431777954, 0.9545314311981201, 0.939426600933075, 0.9278573393821716, 0.9189960956573486, 0.9122089743614197, 0.907010555267334, 0.9030289053916931, 0.8999792337417603, 0.8976433873176575, 0.8958543539047241, 0.8944840431213379, 0.893434464931488, 0.8926305770874023, 0.8920148611068726]}
INFO:__main__:Perplexities: [1.8276561498641968, 2.8057875633239746, 7.697139739990234, 3.1798880100250244, 4.471244812011719, 9.326865196228027, 3.7365899085998535, 5.485095977783203, 6.4511799812316895, 7.944741249084473, 9.455301284790039, 5.278647422790527]
INFO:__main__:Perplexities mean: 5.6383, std: 2.5604
INFO:__main__:Exit points mean: 10.5785, std: 5.4822
INFO:__main__:Exit frequencies: {1: 0.042, 2: 0.135, 3: 0.0365, 4: 0.0274, 5: 0.0456, 6: 0.0146, 7: 0.0128, 8: 0.0274, 9: 0.0109, 10: 0.0365, 11: 0.0347, 12: 0.0128, 13: 0.0109, 14: 0.0109, 15: 0.542}
INFO:__main__:
INFO:__main__:Executing model with parameters {'ee_softmax_threshold': [0.971911609172821, 0.9503978490829468, 0.9339198470115662, 0.9212988018989563, 0.9116320013999939, 0.9042279124259949, 0.8985568881034851, 0.8942132592201233, 0.8908863663673401, 0.8883382081985474, 0.8863864541053772, 0.8848915696144104, 0.8837466239929199, 0.8828696608543396, 0.882197916507721]}
INFO:__main__:Perplexities: [1.8346787691116333, 2.808767080307007, 7.71088981628418, 3.441253900527954, 5.39885139465332, 9.334617614746094, 3.7406861782073975, 5.488151550292969, 6.575674057006836, 7.825614929199219, 9.623649597167969, 5.281205177307129]
INFO:__main__:Perplexities mean: 5.7553, std: 2.5307
INFO:__main__:Exit points mean: 10.4398, std: 5.513
INFO:__main__:Exit frequencies: {1: 0.0474, 2: 0.1332, 3: 0.0383, 4: 0.031, 5: 0.0438, 6: 0.0164, 7: 0.0128, 8: 0.0274, 9: 0.0146, 10: 0.0365, 11: 0.0347, 12: 0.0146, 13: 0.0128, 14: 0.0055, 15: 0.531}
INFO:__main__:
INFO:__main__:Executing model with parameters {'ee_softmax_threshold': [0.9695708751678467, 0.9462643265724182, 0.9284131526947021, 0.9147403836250305, 0.9042679667472839, 0.8962468504905701, 0.890103280544281, 0.8853976726531982, 0.8817935585975647, 0.8790330290794373, 0.8769186735153198, 0.8752992153167725, 0.8740588426589966, 0.8731088042259216, 0.8723810911178589]}
INFO:__main__:Perplexities: [1.8380029201507568, 2.8400256633758545, 7.722646236419678, 4.078946113586426, 5.39885139465332, 9.355527877807617, 3.7515852451324463, 5.473596572875977, 6.577486038208008, 7.851513862609863, 9.635750770568848, 5.287111282348633]
INFO:__main__:Perplexities mean: 5.8176, std: 2.4865
INFO:__main__:Exit points mean: 10.3376, std: 5.5364
INFO:__main__:Exit frequencies: {1: 0.0474, 2: 0.1369, 3: 0.0383, 4: 0.0365, 5: 0.0438, 6: 0.0164, 7: 0.0091, 8: 0.0292, 9: 0.0182, 10: 0.0347, 11: 0.031, 12: 0.0182, 13: 0.0146, 14: 0.0036, 15: 0.5219}
INFO:__main__:
INFO:__main__:Executing model with parameters {'ee_softmax_threshold': [0.9672302007675171, 0.9421308040618896, 0.9229063987731934, 0.90818190574646, 0.8969039916992188, 0.88826584815979, 0.8816496729850769, 0.876582145690918, 0.8727007508277893, 0.8697279095649719, 0.8674508929252625, 0.8657068610191345, 0.8643710613250732, 0.8633479475975037, 0.8625642657279968]}
INFO:__main__:Perplexities: [1.8380029201507568, 2.7950217723846436, 7.720094203948975, 4.989551544189453, 5.375460624694824, 9.355527877807617, 3.7175960540771484, 5.473596572875977, 6.756956577301025, 7.851513862609863, 9.607287406921387, 5.293148994445801]
INFO:__main__:Perplexities mean: 5.8978, std: 2.4513
INFO:__main__:Exit points mean: 10.2682, std: 5.5349
INFO:__main__:Exit frequencies: {1: 0.0474, 2: 0.1369, 3: 0.042, 4: 0.0347, 5: 0.0438, 6: 0.0201, 7: 0.0091, 8: 0.0274, 9: 0.0182, 10: 0.0383, 11: 0.0328, 12: 0.0201, 13: 0.0109, 14: 0.0055, 15: 0.5128}
INFO:__main__:
INFO:__main__:Executing model with parameters {'ee_softmax_threshold': [0.9648894667625427, 0.9379972219467163, 0.9173997044563293, 0.9016234278678894, 0.8895399570465088, 0.8802847862243652, 0.8731960654258728, 0.8677665591239929, 0.8636079430580139, 0.8604227304458618, 0.8579830527305603, 0.8561145067214966, 0.8546832799911499, 0.8535870313644409, 0.8527474403381348]}
INFO:__main__:Perplexities: [1.8397021293640137, 2.7264440059661865, 7.335082530975342, 4.989551544189453, 5.252523899078369, 9.355527877807617, 3.6843717098236084, 5.974109172821045, 6.9168782234191895, 7.851513862609863, 9.625049591064453, 5.253434658050537]
INFO:__main__:Perplexities mean: 5.9003, std: 2.4468
INFO:__main__:Exit points mean: 10.1131, std: 5.5381
INFO:__main__:Exit frequencies: {1: 0.0474, 2: 0.1387, 3: 0.0456, 4: 0.0328, 5: 0.0456, 6: 0.0219, 7: 0.0146, 8: 0.0347, 9: 0.0164, 10: 0.0365, 11: 0.0328, 12: 0.0182, 13: 0.0109, 14: 0.0091, 15: 0.4945}
INFO:__main__:
INFO:__main__:Executing model with parameters {'ee_softmax_threshold': [0.9625487327575684, 0.9338636994361877, 0.9118930101394653, 0.8950649499893188, 0.882175862789154, 0.8723037242889404, 0.8647423982620239, 0.8589509129524231, 0.8545150756835938, 0.8511174917221069, 0.8485152125358582, 0.8465220332145691, 0.8449954390525818, 0.8438261151313782, 0.8429305553436279]}
INFO:__main__:Perplexities: [1.8397021293640137, 2.7264440059661865, 8.887256622314453, 5.008223056793213, 5.220968723297119, 9.355527877807617, 3.6843717098236084, 5.985903263092041, 6.91205358505249, 7.647173881530762, 9.64014720916748, 5.270190715789795]
INFO:__main__:Perplexities mean: 6.0148, std: 2.5566
INFO:__main__:Exit points mean: 10.0383, std: 5.5495
INFO:__main__:Exit frequencies: {1: 0.0474, 2: 0.1405, 3: 0.0456, 4: 0.0347, 5: 0.0474, 6: 0.0255, 7: 0.0146, 8: 0.0328, 9: 0.0128, 10: 0.0401, 11: 0.0328, 12: 0.0164, 13: 0.0109, 14: 0.0109, 15: 0.4872}
INFO:__main__:
INFO:__main__:Executing model with parameters {'ee_softmax_threshold': [0.960207998752594, 0.9297301769256592, 0.9063862562179565, 0.8885064721107483, 0.8748118281364441, 0.8643227219581604, 0.8562887907028198, 0.850135326385498, 0.8454222679138184, 0.8418123722076416, 0.8390474319458008, 0.8369296789169312, 0.8353076577186584, 0.8340652585029602, 0.8331137299537659]}
INFO:__main__:Perplexities: [1.8395239114761353, 2.7294249534606934, 8.887256622314453, 5.008223056793213, 5.473842144012451, 9.355527877807617, 3.6952662467956543, 6.000387191772461, 7.2416253089904785, 7.712968826293945, 9.644179344177246, 5.2764387130737305]
INFO:__main__:Perplexities mean: 6.0721, std: 2.5654
INFO:__main__:Exit points mean: 9.8887, std: 5.5719
INFO:__main__:Exit frequencies: {1: 0.0511, 2: 0.1423, 3: 0.0438, 4: 0.0383, 5: 0.0474, 6: 0.031, 7: 0.0164, 8: 0.0347, 9: 0.0128, 10: 0.0365, 11: 0.0328, 12: 0.0164, 13: 0.0091, 14: 0.0128, 15: 0.4745}
INFO:__main__:
INFO:__main__:Executing model with parameters {'ee_softmax_threshold': [0.9578672647476196, 0.9255965948104858, 0.9008795619010925, 0.8819480538368225, 0.8674478530883789, 0.8563417196273804, 0.8478351831436157, 0.8413197994232178, 0.836329460144043, 0.8325071930885315, 0.8295796513557434, 0.8273373246192932, 0.8256198763847351, 0.8243044018745422, 0.8232969045639038]}
INFO:__main__:Perplexities: [1.8392791748046875, 2.7273266315460205, 8.869254112243652, 5.012629985809326, 5.486714839935303, 9.369454383850098, 3.6952872276306152, 5.977438449859619, 7.259203910827637, 7.714260101318359, 9.504188537597656, 5.275589466094971]
INFO:__main__:Perplexities mean: 6.0609, std: 2.5485
INFO:__main__:Exit points mean: 9.8011, std: 5.5596
INFO:__main__:Exit frequencies: {1: 0.0511, 2: 0.1442, 3: 0.0456, 4: 0.0383, 5: 0.0474, 6: 0.031, 7: 0.0201, 8: 0.0274, 9: 0.0164, 10: 0.0401, 11: 0.0383, 12: 0.0182, 13: 0.0073, 14: 0.0128, 15: 0.4617}
INFO:__main__:
INFO:__main__:Executing model with parameters {'ee_softmax_threshold': [0.95552659034729, 0.9214630722999573, 0.8953728675842285, 0.875389575958252, 0.860083818435669, 0.8483606576919556, 0.8393815755844116, 0.8325042128562927, 0.8272366523742676, 0.8232020139694214, 0.8201118111610413, 0.8177449703216553, 0.8159320950508118, 0.8145435452461243, 0.813480019569397]}
INFO:__main__:Perplexities: [1.842633605003357, 2.732853651046753, 9.240604400634766, 5.032151222229004, 5.406265735626221, 9.42215347290039, 3.6952872276306152, 5.979480266571045, 7.20184326171875, 7.7626261711120605, 9.455767631530762, 5.282223224639893]
INFO:__main__:Perplexities mean: 6.0878, std: 2.5882
INFO:__main__:Exit points mean: 9.7263, std: 5.5664
INFO:__main__:Exit frequencies: {1: 0.0511, 2: 0.146, 3: 0.0493, 4: 0.0383, 5: 0.042, 6: 0.0365, 7: 0.0182, 8: 0.0365, 9: 0.0128, 10: 0.0383, 11: 0.0383, 12: 0.0146, 13: 0.0091, 14: 0.0146, 15: 0.4544}
INFO:__main__:
INFO:__main__:Executing model with parameters {'ee_softmax_threshold': [0.9531858563423157, 0.9173295497894287, 0.8898661136627197, 0.8688310980796814, 0.8527197241783142, 0.8403795957565308, 0.8309279084205627, 0.8236885666847229, 0.8181437849998474, 0.8138968348503113, 0.8106439709663391, 0.8081524968147278, 0.8062442541122437, 0.8047826290130615, 0.8036631345748901]}
INFO:__main__:Perplexities: [1.8287826776504517, 2.7351484298706055, 9.240604400634766, 5.033796310424805, 5.463773727416992, 9.440131187438965, 3.6952872276306152, 6.096873760223389, 7.316059589385986, 7.755227088928223, 9.359122276306152, 5.283924102783203]
INFO:__main__:Perplexities mean: 6.1041, std: 2.5834
INFO:__main__:Exit points mean: 9.6569, std: 5.5586
INFO:__main__:Exit frequencies: {1: 0.0511, 2: 0.146, 3: 0.0529, 4: 0.0365, 5: 0.0438, 6: 0.0347, 7: 0.0237, 8: 0.0347, 9: 0.0128, 10: 0.0401, 11: 0.0365, 12: 0.0182, 13: 0.0091, 14: 0.0146, 15: 0.4453}
INFO:__main__:
INFO:__main__:Executing model with parameters {'ee_softmax_threshold': [0.9508451223373413, 0.9131959676742554, 0.8843594193458557, 0.8622726202011108, 0.845355749130249, 0.832398533821106, 0.8224743008613586, 0.8148729801177979, 0.809050977230072, 0.8045916557312012, 0.8011761903762817, 0.7985601425170898, 0.7965564727783203, 0.7950217723846436, 0.7938463091850281]}
INFO:__main__:Perplexities: [1.8401662111282349, 2.7376437187194824, 9.205178260803223, 5.033796310424805, 5.463773727416992, 9.447308540344238, 3.704710006713867, 5.9705424308776855, 7.490866661071777, 7.709595680236816, 9.33542537689209, 5.283924102783203]
INFO:__main__:Perplexities mean: 6.1019, std: 2.5806
INFO:__main__:Exit points mean: 9.5766, std: 5.5531
INFO:__main__:Exit frequencies: {1: 0.0529, 2: 0.1478, 3: 0.0493, 4: 0.0383, 5: 0.0474, 6: 0.0328, 7: 0.0274, 8: 0.0328, 9: 0.0164, 10: 0.0365, 11: 0.0383, 12: 0.0182, 13: 0.0109, 14: 0.0182, 15: 0.4325}
INFO:__main__:
INFO:__main__:Executing model with parameters {'ee_softmax_threshold': [0.9485044479370117, 0.9090624451637268, 0.8788527250289917, 0.8557142019271851, 0.8379917144775391, 0.8244175314903259, 0.8140206933021545, 0.8060574531555176, 0.7999581694602966, 0.7952865362167358, 0.7917084097862244, 0.7889677882194519, 0.786868691444397, 0.7852609157562256, 0.784029483795166]}
INFO:__main__:Perplexities: [1.8377755880355835, 2.7344324588775635, 9.205178260803223, 5.033796310424805, 5.587281227111816, 9.447308540344238, 3.6912407875061035, 5.837708473205566, 7.586881637573242, 7.669244289398193, 9.33542537689209, 5.29818868637085]
INFO:__main__:Perplexities mean: 6.1054, std: 2.5831
INFO:__main__:Exit points mean: 9.5146, std: 5.5457
INFO:__main__:Exit frequencies: {1: 0.0529, 2: 0.1478, 3: 0.0547, 4: 0.0365, 5: 0.0474, 6: 0.0328, 7: 0.0255, 8: 0.0328, 9: 0.0201, 10: 0.0365, 11: 0.0383, 12: 0.0182, 13: 0.0128, 14: 0.0237, 15: 0.4197}
INFO:__main__:
INFO:__main__:Executing model with parameters {'ee_softmax_threshold': [0.9461637139320374, 0.9049289226531982, 0.8733460307121277, 0.8491557240486145, 0.8306276798248291, 0.8164365291595459, 0.8055670857429504, 0.7972418665885925, 0.7908653020858765, 0.7859813570976257, 0.7822405695915222, 0.779375433921814, 0.7771809101104736, 0.7755000591278076, 0.774212658405304]}
INFO:__main__:Perplexities: [1.8374568223953247, 2.6805179119110107, 9.217880249023438, 5.2189555168151855, 5.587281227111816, 9.954545021057129, 3.6912407875061035, 5.8967604637146, 7.573104381561279, 7.669244289398193, 9.361915588378906, 5.4705071449279785]
INFO:__main__:Perplexities mean: 6.18, std: 2.6443
INFO:__main__:Exit points mean: 9.427, std: 5.5663
INFO:__main__:Exit frequencies: {1: 0.0547, 2: 0.1533, 3: 0.0566, 4: 0.0365, 5: 0.0438, 6: 0.0328, 7: 0.0255, 8: 0.031, 9: 0.0219, 10: 0.0383, 11: 0.0383, 12: 0.0164, 13: 0.0164, 14: 0.0201, 15: 0.4142}
INFO:__main__:
INFO:__main__:Executing model with parameters {'ee_softmax_threshold': [0.943822979927063, 0.9007954001426697, 0.8678393363952637, 0.842597246170044, 0.8232636451721191, 0.8084554672241211, 0.7971134781837463, 0.7884262800216675, 0.7817724943161011, 0.7766761779785156, 0.7727727890014648, 0.769783079624176, 0.7674931287765503, 0.7657392024993896, 0.7643958330154419]}
INFO:__main__:Perplexities: [1.8374568223953247, 2.68394136428833, 9.254759788513184, 5.083114147186279, 5.442377090454102, 9.940489768981934, 3.700460910797119, 5.8967604637146, 7.891115665435791, 7.789928436279297, 9.358681678771973, 5.476853370666504]
INFO:__main__:Perplexities mean: 6.1963, std: 2.6759
INFO:__main__:Exit points mean: 9.3193, std: 5.5609
INFO:__main__:Exit frequencies: {1: 0.0566, 2: 0.1533, 3: 0.0602, 4: 0.0365, 5: 0.0438, 6: 0.0347, 7: 0.0237, 8: 0.031, 9: 0.0292, 10: 0.0383, 11: 0.0383, 12: 0.0128, 13: 0.0182, 14: 0.0201, 15: 0.4033}
INFO:__main__:
INFO:__main__:Executing model with parameters {'ee_softmax_threshold': [0.9414823055267334, 0.8966618776321411, 0.8623325824737549, 0.8360388278961182, 0.8158996105194092, 0.8004744648933411, 0.7886598706245422, 0.7796106934547424, 0.7726796865463257, 0.7673710584640503, 0.7633050084114075, 0.7601906657218933, 0.757805347442627, 0.7559783458709717, 0.7545790076255798]}
INFO:__main__:Perplexities: [1.8374568223953247, 2.7015583515167236, 9.1469144821167, 5.008756637573242, 5.442377090454102, 9.940489768981934, 3.7192084789276123, 5.787937641143799, 8.110613822937012, 9.142226219177246, 9.381936073303223, 5.453469276428223]
INFO:__main__:Perplexities mean: 6.3061, std: 2.7817
INFO:__main__:Exit points mean: 9.2153, std: 5.5555
INFO:__main__:Exit frequencies: {1: 0.0566, 2: 0.1551, 3: 0.062, 4: 0.0383, 5: 0.0438, 6: 0.0365, 7: 0.0255, 8: 0.031, 9: 0.031, 10: 0.0401, 11: 0.0383, 12: 0.0091, 13: 0.0182, 14: 0.0182, 15: 0.396}
INFO:__main__:
INFO:__main__:Executing model with parameters {'ee_softmax_threshold': [0.939141571521759, 0.8925283551216125, 0.8568258881568909, 0.8294803500175476, 0.808535635471344, 0.7924934029579163, 0.7802062630653381, 0.7707951068878174, 0.7635868787765503, 0.7580658793449402, 0.7538371682167053, 0.7505983114242554, 0.7481175661087036, 0.7462174892425537, 0.744762122631073]}
INFO:__main__:Perplexities: [1.8547768592834473, 2.7502365112304688, 9.053865432739258, 5.008193016052246, 5.464386463165283, 9.928220748901367, 3.733459711074829, 5.771362781524658, 8.102128982543945, 9.142226219177246, 9.349266052246094, 5.449104309082031]
INFO:__main__:Perplexities mean: 6.3006, std: 2.7583
INFO:__main__:Exit points mean: 9.1624, std: 5.5595
INFO:__main__:Exit frequencies: {1: 0.0566, 2: 0.1606, 3: 0.0584, 4: 0.0383, 5: 0.0438, 6: 0.0383, 7: 0.031, 8: 0.0292, 9: 0.0292, 10: 0.0365, 11: 0.0365, 12: 0.0128, 13: 0.0182, 14: 0.0219, 15: 0.3887}
INFO:__main__:
INFO:__main__:Executing model with parameters {'ee_softmax_threshold': [0.9368008375167847, 0.888394832611084, 0.8513191938400269, 0.8229219317436218, 0.801171600818634, 0.7845124006271362, 0.771752655506134, 0.7619795799255371, 0.7544940710067749, 0.7487607598304749, 0.744369387626648, 0.7410059571266174, 0.7384297847747803, 0.7364566326141357, 0.7349452972412109]}
INFO:__main__:Perplexities: [2.0262200832366943, 2.750537633895874, 9.053865432739258, 5.0388994216918945, 5.46773624420166, 10.348204612731934, 3.7549777030944824, 5.793064117431641, 8.064457893371582, 9.120360374450684, 9.389545440673828, 5.449104309082031]
INFO:__main__:Perplexities mean: 6.3547, std: 2.7823
INFO:__main__:Exit points mean: 9.0803, std: 5.542
INFO:__main__:Exit frequencies: {1: 0.0566, 2: 0.1642, 3: 0.0566, 4: 0.0401, 5: 0.0438, 6: 0.0383, 7: 0.0328, 8: 0.0292, 9: 0.0292, 10: 0.0401, 11: 0.0328, 12: 0.0164, 13: 0.0219, 14: 0.0219, 15: 0.3759}
INFO:__main__:
INFO:__main__:Executing model with parameters {'ee_softmax_threshold': [0.9344601631164551, 0.8842612504959106, 0.8458124399185181, 0.8163633942604065, 0.7938075065612793, 0.7765313386917114, 0.7632989883422852, 0.7531639337539673, 0.7454012036323547, 0.73945552110672, 0.7349015474319458, 0.7314135432243347, 0.7287419438362122, 0.726695716381073, 0.7251284122467041]}
INFO:__main__:Perplexities: [2.2989823818206787, 3.351363182067871, 8.940743446350098, 5.066648006439209, 5.4237446784973145, 10.348204612731934, 3.748487710952759, 6.373377323150635, 8.105430603027344, 8.963829040527344, 9.46390151977539, 5.431829452514648]
INFO:__main__:Perplexities mean: 6.4597, std: 2.6574
INFO:__main__:Exit points mean: 8.8704, std: 5.5095
INFO:__main__:Exit frequencies: {1: 0.0566, 2: 0.1679, 3: 0.062, 4: 0.0383, 5: 0.0529, 6: 0.0365, 7: 0.0328, 8: 0.0328, 9: 0.0255, 10: 0.0456, 11: 0.0347, 12: 0.0164, 13: 0.0237, 14: 0.0219, 15: 0.3522}
INFO:__main__:
INFO:__main__:Executing model with parameters {'ee_softmax_threshold': [0.9321194291114807, 0.8801277279853821, 0.840305745601654, 0.8098049759864807, 0.7864435315132141, 0.7685502767562866, 0.754845380783081, 0.7443483471870422, 0.7363083958625793, 0.7301503419876099, 0.7254337668418884, 0.721821129322052, 0.7190541625022888, 0.716934859752655, 0.715311586856842]}
INFO:__main__:Perplexities: [2.30252742767334, 3.4104647636413574, 8.928245544433594, 5.066648006439209, 5.5811662673950195, 10.38370132446289, 3.748487710952759, 6.3767991065979, 8.120083808898926, 8.981498718261719, 10.157249450683594, 5.440945148468018]
INFO:__main__:Perplexities mean: 6.5415, std: 2.7284
INFO:__main__:Exit points mean: 8.7847, std: 5.494
INFO:__main__:Exit frequencies: {1: 0.0566, 2: 0.1715, 3: 0.0639, 4: 0.0383, 5: 0.0529, 6: 0.0365, 7: 0.0328, 8: 0.0292, 9: 0.0274, 10: 0.0456, 11: 0.0401, 12: 0.0201, 13: 0.0255, 14: 0.0164, 15: 0.3431}
INFO:__main__:
INFO:__main__:Executing model with parameters {'ee_softmax_threshold': [0.9297786951065063, 0.8759942054748535, 0.83479905128479, 0.8032464981079102, 0.7790794968605042, 0.7605692744255066, 0.746391773223877, 0.7355327606201172, 0.727215588092804, 0.7208452224731445, 0.7159659266471863, 0.7122287750244141, 0.7093663811683655, 0.7071740031242371, 0.70549476146698]}
INFO:__main__:Perplexities: [2.30252742767334, 3.3600945472717285, 9.004630088806152, 5.11184024810791, 5.594993591308594, 10.38370132446289, 3.748487710952759, 6.3767991065979, 8.180729866027832, 9.455770492553711, 10.162416458129883, 5.440945148468018]
INFO:__main__:Perplexities mean: 6.5936, std: 2.7824
INFO:__main__:Exit points mean: 8.719, std: 5.4834
INFO:__main__:Exit frequencies: {1: 0.0566, 2: 0.1715, 3: 0.0639, 4: 0.0401, 5: 0.0566, 6: 0.0401, 7: 0.0328, 8: 0.0255, 9: 0.0274, 10: 0.0438, 11: 0.042, 12: 0.0219, 13: 0.0274, 14: 0.0109, 15: 0.3394}
INFO:__main__:
INFO:__main__:Executing model with parameters {'ee_softmax_threshold': [0.9274380207061768, 0.8718606233596802, 0.829292356967926, 0.7966880798339844, 0.7717154622077942, 0.7525882720947266, 0.7379381656646729, 0.7267172336578369, 0.7181227803230286, 0.7115400433540344, 0.7064981460571289, 0.7026364207267761, 0.6996785998344421, 0.6974131464958191, 0.6956779360771179]}
INFO:__main__:Perplexities: [2.319153070449829, 3.3651344776153564, 8.81143569946289, 5.11184024810791, 5.594993591308594, 11.405197143554688, 3.748487710952759, 6.258834362030029, 8.157984733581543, 11.169548988342285, 10.174161911010742, 5.386989593505859]
INFO:__main__:Perplexities mean: 6.792, std: 3.0948
INFO:__main__:Exit points mean: 8.6131, std: 5.4471
INFO:__main__:Exit frequencies: {1: 0.0566, 2: 0.1734, 3: 0.0639, 4: 0.042, 5: 0.0584, 6: 0.0365, 7: 0.0365, 8: 0.0328, 9: 0.0201, 10: 0.0511, 11: 0.0438, 12: 0.0201, 13: 0.0292, 14: 0.0091, 15: 0.3266}
INFO:__main__:
INFO:__main__:Executing model with parameters {'ee_softmax_threshold': [0.9250972867012024, 0.8677271008491516, 0.823785662651062, 0.7901296019554138, 0.7643514275550842, 0.7446072101593018, 0.7294845581054688, 0.7179016470909119, 0.7090299725532532, 0.7022349238395691, 0.6970303654670715, 0.6930440664291382, 0.6899908185005188, 0.6876522302627563, 0.6858611106872559]}
INFO:__main__:Perplexities: [2.3202595710754395, 3.3651344776153564, 8.717988967895508, 5.420094013214111, 5.533944606781006, 11.405197143554688, 3.7640082836151123, 6.258834362030029, 8.12648868560791, 11.169548988342285, 10.21020221710205, 5.425744533538818]
INFO:__main__:Perplexities mean: 6.8098, std: 3.0769
INFO:__main__:Exit points mean: 8.5493, std: 5.446
INFO:__main__:Exit frequencies: {1: 0.0566, 2: 0.177, 3: 0.0657, 4: 0.0401, 5: 0.0602, 6: 0.0401, 7: 0.031, 8: 0.0347, 9: 0.0164, 10: 0.0529, 11: 0.0438, 12: 0.0219, 13: 0.0292, 14: 0.0109, 15: 0.3193}
INFO:__main__:
INFO:__main__:Executing model with parameters {'ee_softmax_threshold': [0.922756552696228, 0.863593578338623, 0.8182789087295532, 0.7835711240768433, 0.756987452507019, 0.7366262078285217, 0.7210309505462646, 0.7090860605239868, 0.6999371647834778, 0.692929744720459, 0.6875625848770142, 0.6834516525268555, 0.6803030371665955, 0.6778913736343384, 0.676044225692749]}
INFO:__main__:Perplexities: [2.289663314819336, 3.3393890857696533, 9.006661415100098, 5.420094013214111, 5.533944606781006, 12.320691108703613, 3.7640082836151123, 5.908104419708252, 8.153548240661621, 14.110617637634277, 10.17740535736084, 5.34394645690918]
INFO:__main__:Perplexities mean: 7.114, std: 3.678
INFO:__main__:Exit points mean: 8.438, std: 5.4304
INFO:__main__:Exit frequencies: {1: 0.0584, 2: 0.177, 3: 0.0748, 4: 0.0365, 5: 0.0602, 6: 0.0401, 7: 0.0292, 8: 0.0365, 9: 0.0164, 10: 0.0529, 11: 0.0474, 12: 0.0255, 13: 0.0255, 14: 0.0109, 15: 0.3084}
INFO:__main__:
INFO:__main__:Executing model with parameters {'ee_softmax_threshold': [0.9204158782958984, 0.8594600558280945, 0.8127722144126892, 0.7770126461982727, 0.7496234178543091, 0.7286451458930969, 0.7125773429870605, 0.7002704739570618, 0.6908443570137024, 0.6836245656013489, 0.678094744682312, 0.6738592982292175, 0.6706152558326721, 0.6681305170059204, 0.666227400302887]}
INFO:__main__:Perplexities: [2.289663314819336, 3.337127447128296, 8.923025131225586, 6.768431663513184, 5.533944606781006, 12.375532150268555, 3.7640082836151123, 5.763546466827393, 8.190177917480469, 14.110617637634277, 10.204680442810059, 5.369755268096924]
INFO:__main__:Perplexities mean: 7.2192, std: 3.6523
INFO:__main__:Exit points mean: 8.3759, std: 5.4257
INFO:__main__:Exit frequencies: {1: 0.0602, 2: 0.1752, 3: 0.0766, 4: 0.0383, 5: 0.0639, 6: 0.0365, 7: 0.0328, 8: 0.0383, 9: 0.0128, 10: 0.0529, 11: 0.0456, 12: 0.0255, 13: 0.0255, 14: 0.0128, 15: 0.3029}
INFO:__main__:
INFO:__main__:Executing model with parameters {'ee_softmax_threshold': [0.9180751442909241, 0.8553265333175659, 0.8072655200958252, 0.7704542279243469, 0.7422593832015991, 0.7206641435623169, 0.7041237354278564, 0.6914549469947815, 0.681751549243927, 0.6743194460868835, 0.6686269640922546, 0.6642669439315796, 0.6609274744987488, 0.6583696603775024, 0.6564105749130249]}
INFO:__main__:Perplexities: [2.294285297393799, 3.7604949474334717, 8.923025131225586, 7.334921360015869, 5.414505958557129, 12.518022537231445, 3.776651382446289, 5.763546466827393, 8.092811584472656, 14.264729499816895, 10.225239753723145, 5.270308971405029]
INFO:__main__:Perplexities mean: 7.3032, std: 3.663
INFO:__main__:Exit points mean: 8.3047, std: 5.4128
INFO:__main__:Exit frequencies: {1: 0.0602, 2: 0.1788, 3: 0.0766, 4: 0.0365, 5: 0.0657, 6: 0.0401, 7: 0.031, 8: 0.0401, 9: 0.0128, 10: 0.0511, 11: 0.0474, 12: 0.0219, 13: 0.0274, 14: 0.0164, 15: 0.2938}
INFO:__main__:
INFO:__main__:Executing model with parameters {'ee_softmax_threshold': [0.9157344102859497, 0.8511929512023926, 0.8017587661743164, 0.7638957500457764, 0.7348953485488892, 0.7126830816268921, 0.6956700682640076, 0.6826393008232117, 0.6726586818695068, 0.6650142073631287, 0.6591591238975525, 0.6546745300292969, 0.6512396335601807, 0.6486087441444397, 0.6465936899185181]}
INFO:__main__:Perplexities: [2.272796869277954, 3.7677571773529053, 8.923025131225586, 7.281240940093994, 5.929712772369385, 13.026314735412598, 3.7805707454681396, 5.763546466827393, 8.130359649658203, 14.289093971252441, 10.271897315979004, 5.272181034088135]
INFO:__main__:Perplexities mean: 7.3924, std: 3.7195
INFO:__main__:Exit points mean: 8.1916, std: 5.3841
INFO:__main__:Exit frequencies: {1: 0.0657, 2: 0.1788, 3: 0.073, 4: 0.0383, 5: 0.0693, 6: 0.0347, 7: 0.0365, 8: 0.042, 9: 0.0146, 10: 0.0511, 11: 0.0493, 12: 0.0219, 13: 0.0255, 14: 0.0182, 15: 0.281}
INFO:__main__:
INFO:__main__:Executing model with parameters {'ee_softmax_threshold': [0.9133937358856201, 0.847059428691864, 0.7962520718574524, 0.7573372721672058, 0.7275313138961792, 0.7047020196914673, 0.6872164607048035, 0.6738237142562866, 0.6635658740997314, 0.6557090878486633, 0.6496912837028503, 0.6450821161270142, 0.6415518522262573, 0.6388478875160217, 0.636776864528656]}
INFO:__main__:Perplexities: [2.3071300983428955, 3.779627561569214, 8.923025131225586, 7.281240940093994, 6.267971992492676, 13.06986141204834, 3.8045804500579834, 5.76420259475708, 7.992092132568359, 14.289093971252441, 10.271897315979004, 5.160403251647949]
INFO:__main__:Perplexities mean: 7.4093, std: 3.7109
INFO:__main__:Exit points mean: 8.1423, std: 5.3661
INFO:__main__:Exit frequencies: {1: 0.0657, 2: 0.1788, 3: 0.0748, 4: 0.0383, 5: 0.073, 6: 0.0328, 7: 0.0347, 8: 0.042, 9: 0.0164, 10: 0.0511, 11: 0.0511, 12: 0.0255, 13: 0.0237, 14: 0.0146, 15: 0.2774}
INFO:__main__:
INFO:__main__:Executing model with parameters {'ee_softmax_threshold': [0.911052942276001, 0.8429259061813354, 0.7907453775405884, 0.7507787942886353, 0.7201672792434692, 0.6967210173606873, 0.6787628531455994, 0.6650081276893616, 0.654473066329956, 0.6464039087295532, 0.640223503112793, 0.6354897618293762, 0.631864070892334, 0.6290870308876038, 0.626960039138794]}
INFO:__main__:Perplexities: [2.3071300983428955, 3.799229145050049, 9.240082740783691, 7.269570350646973, 5.922797679901123, 13.563652038574219, 3.8045804500579834, 5.76420259475708, 8.060772895812988, 14.289093971252441, 10.126649856567383, 5.160403251647949]
INFO:__main__:Perplexities mean: 7.4423, std: 3.7948
INFO:__main__:Exit points mean: 8.0785, std: 5.3416
INFO:__main__:Exit frequencies: {1: 0.0657, 2: 0.1788, 3: 0.0785, 4: 0.0365, 5: 0.0766, 6: 0.0328, 7: 0.0328, 8: 0.0401, 9: 0.0182, 10: 0.0529, 11: 0.0529, 12: 0.0274, 13: 0.0237, 14: 0.0128, 15: 0.2701}
INFO:__main__:
INFO:__main__:Executing model with parameters {'ee_softmax_threshold': [0.9087122678756714, 0.8387923240661621, 0.7852386832237244, 0.7442203760147095, 0.7128032445907593, 0.6887399554252625, 0.6703092455863953, 0.6561926007270813, 0.6453802585601807, 0.6370987296104431, 0.6307557225227356, 0.6258974075317383, 0.6221762895584106, 0.6193261742591858, 0.6171432137489319]}
INFO:__main__:Perplexities: [2.3071300983428955, 3.799229145050049, 9.330748558044434, 7.278817653656006, 5.930325031280518, 13.4956693649292, 3.978607177734375, 5.76420259475708, 8.057888984680176, 14.289093971252441, 9.915047645568848, 5.412942886352539]
INFO:__main__:Perplexities mean: 7.4633, std: 3.7473
INFO:__main__:Exit points mean: 8.0237, std: 5.3195
INFO:__main__:Exit frequencies: {1: 0.0675, 2: 0.177, 3: 0.0803, 4: 0.0365, 5: 0.0766, 6: 0.0328, 7: 0.0365, 8: 0.0383, 9: 0.0164, 10: 0.0584, 11: 0.0547, 12: 0.0237, 13: 0.0237, 14: 0.0146, 15: 0.2628}
INFO:__main__:
INFO:__main__:Executing model with parameters {'ee_softmax_threshold': [0.9063715934753418, 0.8346588015556335, 0.7797319889068604, 0.7376618981361389, 0.7054392099380493, 0.6807589530944824, 0.6618556380271912, 0.6473770141601562, 0.6362874507904053, 0.6277936100959778, 0.6212879419326782, 0.6163050532341003, 0.6124885082244873, 0.6095653176307678, 0.607326328754425]}
INFO:__main__:Perplexities: [2.3071300983428955, 3.8384106159210205, 9.330748558044434, 7.278817653656006, 6.52608585357666, 13.490483283996582, 4.001901149749756, 5.681177139282227, 8.057398796081543, 14.289093971252441, 9.792098045349121, 5.398049831390381]
INFO:__main__:Perplexities mean: 7.4993, std: 3.7201
INFO:__main__:Exit points mean: 7.958, std: 5.3063
INFO:__main__:Exit frequencies: {1: 0.0675, 2: 0.1807, 3: 0.0803, 4: 0.0401, 5: 0.073, 6: 0.0365, 7: 0.0328, 8: 0.0383, 9: 0.0146, 10: 0.0602, 11: 0.0566, 12: 0.0255, 13: 0.0237, 14: 0.0146, 15: 0.2555}
INFO:__main__:
INFO:__main__:Executing model with parameters {'ee_softmax_threshold': [0.9040307998657227, 0.830525279045105, 0.7742252349853516, 0.7311034202575684, 0.6980752348899841, 0.6727779507637024, 0.6534020304679871, 0.6385614275932312, 0.6271946430206299, 0.6184884309768677, 0.6118201017379761, 0.6067126989364624, 0.602800726890564, 0.5998044610023499, 0.597509503364563]}
INFO:__main__:Perplexities: [2.3071300983428955, 3.8393852710723877, 9.66849136352539, 8.07952880859375, 6.532461166381836, 13.489546775817871, 4.013162136077881, 5.801567077636719, 7.912977695465088, 15.630306243896484, 9.707381248474121, 5.398049831390381]
INFO:__main__:Perplexities mean: 7.6983, std: 3.9583
INFO:__main__:Exit points mean: 7.8723, std: 5.2695
INFO:__main__:Exit frequencies: {1: 0.0675, 2: 0.1843, 3: 0.0803, 4: 0.0401, 5: 0.0748, 6: 0.0347, 7: 0.0328, 8: 0.0401, 9: 0.0146, 10: 0.062, 11: 0.0566, 12: 0.0292, 13: 0.0255, 14: 0.0146, 15: 0.2427}
INFO:__main__:
INFO:__main__:Executing model with parameters {'ee_softmax_threshold': [0.9016901254653931, 0.8263917565345764, 0.7687185406684875, 0.7245450019836426, 0.6907112002372742, 0.6647968888282776, 0.644948422908783, 0.6297458410263062, 0.6181017756462097, 0.6091832518577576, 0.6023523211479187, 0.5971202850341797, 0.5931129455566406, 0.5900436043739319, 0.5876926779747009]}
INFO:__main__:Perplexities: [2.3071300983428955, 3.861649513244629, 9.690308570861816, 8.138565063476562, 6.887361526489258, 13.462443351745605, 4.022747039794922, 5.872292995452881, 8.06204605102539, 15.674266815185547, 9.881900787353516, 5.963575839996338]
INFO:__main__:Perplexities mean: 7.8187, std: 3.9315
INFO:__main__:Exit points mean: 7.7299, std: 5.217
INFO:__main__:Exit frequencies: {1: 0.0675, 2: 0.1843, 3: 0.0803, 4: 0.0438, 5: 0.0858, 6: 0.0347, 7: 0.0347, 8: 0.0365, 9: 0.0146, 10: 0.0639, 11: 0.0566, 12: 0.0274, 13: 0.0237, 14: 0.0182, 15: 0.2281}
INFO:__main__:
INFO:__main__:Executing model with parameters {'ee_softmax_threshold': [0.8993493914604187, 0.8222582340240479, 0.7632118463516235, 0.717986524105072, 0.6833471655845642, 0.6568158864974976, 0.6364947557449341, 0.6209302544593811, 0.6090089678764343, 0.5998781323432922, 0.5928845405578613, 0.5875279307365417, 0.5834251642227173, 0.5802827477455139, 0.5778758525848389]}
INFO:__main__:Perplexities: [2.3071300983428955, 3.761749267578125, 10.37183952331543, 8.138565063476562, 7.067514896392822, 13.556998252868652, 4.020484447479248, 5.930111408233643, 8.06204605102539, 15.74105167388916, 9.916986465454102, 5.986971855163574]
INFO:__main__:Perplexities mean: 7.9051, std: 3.9936
INFO:__main__:Exit points mean: 7.6916, std: 5.2028
INFO:__main__:Exit frequencies: {1: 0.0675, 2: 0.1843, 3: 0.0803, 4: 0.0438, 5: 0.0876, 6: 0.042, 7: 0.0292, 8: 0.0365, 9: 0.0128, 10: 0.0675, 11: 0.0547, 12: 0.0255, 13: 0.0255, 14: 0.0182, 15: 0.2245}
INFO:__main__:
INFO:__main__:Executing model with parameters {'ee_softmax_threshold': [0.8970086574554443, 0.8181246519088745, 0.7577050924301147, 0.7114280462265015, 0.6759830713272095, 0.6488348245620728, 0.62804114818573, 0.612114667892456, 0.5999161005020142, 0.5905728936195374, 0.5834166407585144, 0.577935516834259, 0.5737373232841492, 0.5705218315124512, 0.568058967590332]}
INFO:__main__:Perplexities: [2.3071300983428955, 3.919942855834961, 10.37183952331543, 8.495664596557617, 7.208130836486816, 13.573938369750977, 4.020484447479248, 5.930111408233643, 8.280607223510742, 17.54404067993164, 9.921472549438477, 6.19790506362915]
INFO:__main__:Perplexities mean: 8.1476, std: 4.3127
INFO:__main__:Exit points mean: 7.5803, std: 5.168
INFO:__main__:Exit frequencies: {1: 0.0675, 2: 0.1861, 3: 0.0821, 4: 0.0438, 5: 0.0912, 6: 0.0456, 7: 0.031, 8: 0.0365, 9: 0.0128, 10: 0.0639, 11: 0.0584, 12: 0.0237, 13: 0.0201, 14: 0.0201, 15: 0.2172}
INFO:__main__:
INFO:__main__:Executing model with parameters {'ee_softmax_threshold': [0.8946679830551147, 0.813991129398346, 0.7521983981132507, 0.7048695683479309, 0.6686190962791443, 0.640853762626648, 0.6195875406265259, 0.603299081325531, 0.5908232927322388, 0.581267774105072, 0.573948860168457, 0.5683431625366211, 0.5640495419502258, 0.5607609748840332, 0.55824214220047]}
INFO:__main__:Perplexities: [2.3071300983428955, 3.9404702186584473, 10.163333892822266, 8.404882431030273, 7.1812825202941895, 13.623167037963867, 4.089510917663574, 5.930111408233643, 8.322422981262207, 17.54404067993164, 10.144309043884277, 5.899570465087891]
INFO:__main__:Perplexities mean: 8.1292, std: 4.3233
INFO:__main__:Exit points mean: 7.5219, std: 5.1338
INFO:__main__:Exit frequencies: {1: 0.0675, 2: 0.188, 3: 0.0803, 4: 0.0438, 5: 0.0949, 6: 0.0456, 7: 0.031, 8: 0.0383, 9: 0.0128, 10: 0.0602, 11: 0.0657, 12: 0.0237, 13: 0.0182, 14: 0.0201, 15: 0.2099}
INFO:__main__:
INFO:__main__:Executing model with parameters {'ee_softmax_threshold': [0.8923272490501404, 0.8098576068878174, 0.7466917037963867, 0.6983111500740051, 0.6612550616264343, 0.6328727006912231, 0.6111339330673218, 0.594483494758606, 0.5817304849624634, 0.5719625949859619, 0.5644810795783997, 0.5587507486343384, 0.5543617606163025, 0.5510000586509705, 0.5484253168106079]}
INFO:__main__:Perplexities: [2.3071300983428955, 3.9404702186584473, 10.295960426330566, 8.308859825134277, 7.366988182067871, 13.99923038482666, 4.122129440307617, 5.752845287322998, 8.240386009216309, 17.54404067993164, 10.090137481689453, 5.9055609703063965]
INFO:__main__:Perplexities mean: 8.1561, std: 4.3729
INFO:__main__:Exit points mean: 7.4799, std: 5.1288
INFO:__main__:Exit frequencies: {1: 0.0675, 2: 0.1898, 3: 0.0858, 4: 0.042, 5: 0.0912, 6: 0.0438, 7: 0.0347, 8: 0.0365, 9: 0.0146, 10: 0.0602, 11: 0.0675, 12: 0.0219, 13: 0.0164, 14: 0.0201, 15: 0.208}
INFO:__main__:
INFO:__main__:Executing model with parameters {'ee_softmax_threshold': [0.889986515045166, 0.805724024772644, 0.7411850094795227, 0.6917526721954346, 0.6538910269737244, 0.6248916983604431, 0.6026803255081177, 0.5856679677963257, 0.572637677192688, 0.5626574158668518, 0.5550132989883423, 0.5491583943367004, 0.5446739792823792, 0.5412392020225525, 0.5386084318161011]}
INFO:__main__:Perplexities: [2.3071300983428955, 3.9664950370788574, 10.394304275512695, 8.152487754821777, 7.366988182067871, 13.995920181274414, 4.139268398284912, 5.8116254806518555, 8.122556686401367, 23.87813949584961, 10.598854064941406, 5.844601631164551]
INFO:__main__:Perplexities mean: 8.7149, std: 5.783
INFO:__main__:Exit points mean: 7.4051, std: 5.0997
INFO:__main__:Exit frequencies: {1: 0.0675, 2: 0.1971, 3: 0.0821, 4: 0.042, 5: 0.0912, 6: 0.042, 7: 0.0365, 8: 0.0365, 9: 0.0182, 10: 0.0639, 11: 0.062, 12: 0.0237, 13: 0.0182, 14: 0.0182, 15: 0.2007}
INFO:__main__:
INFO:__main__:Executing model with parameters {'ee_softmax_threshold': [0.8876457810401917, 0.8015904426574707, 0.7356782555580139, 0.6851941347122192, 0.6465269327163696, 0.6169106364250183, 0.5942266583442688, 0.5768523216247559, 0.5635448098182678, 0.5533522367477417, 0.5455453991889954, 0.5395659804344177, 0.534986138343811, 0.5314782857894897, 0.5287915468215942]}
INFO:__main__:Perplexities: [2.2349860668182373, 3.967219352722168, 10.330194473266602, 8.152487754821777, 7.369823932647705, 13.967351913452148, 4.139268398284912, 5.84924840927124, 8.020627975463867, 23.87813949584961, 10.470481872558594, 5.833914756774902]
INFO:__main__:Perplexities mean: 8.6845, std: 5.7822
INFO:__main__:Exit points mean: 7.3449, std: 5.081
INFO:__main__:Exit frequencies: {1: 0.0675, 2: 0.2007, 3: 0.0839, 4: 0.042, 5: 0.0876, 6: 0.0438, 7: 0.0365, 8: 0.0383, 9: 0.0182, 10: 0.062, 11: 0.062, 12: 0.0255, 13: 0.0201, 14: 0.0164, 15: 0.1953}
INFO:__main__:
INFO:__main__:Executing model with parameters {'ee_softmax_threshold': [0.8853050470352173, 0.7974569797515869, 0.7301715612411499, 0.6786357164382935, 0.6391629576683044, 0.6089296340942383, 0.5857730507850647, 0.5680367350578308, 0.5544520020484924, 0.5440470576286316, 0.536077618598938, 0.5299736261367798, 0.5252983570098877, 0.5217174291610718, 0.5189747214317322]}
INFO:__main__:Perplexities: [2.2349860668182373, 3.9759254455566406, 10.47135066986084, 8.152487754821777, 7.389242649078369, 15.094705581665039, 4.140575408935547, 5.857510566711426, 8.04482650756836, 23.982486724853516, 10.742783546447754, 5.828588485717773]
INFO:__main__:Perplexities mean: 8.8263, std: 5.9179
INFO:__main__:Exit points mean: 7.2755, std: 5.0687
INFO:__main__:Exit frequencies: {1: 0.0712, 2: 0.1989, 3: 0.0858, 4: 0.0438, 5: 0.0894, 6: 0.0456, 7: 0.031, 8: 0.0383, 9: 0.0219, 10: 0.0602, 11: 0.0602, 12: 0.0274, 13: 0.0201, 14: 0.0146, 15: 0.1916}
INFO:__main__:
INFO:__main__:Executing model with parameters {'ee_softmax_threshold': [0.8829643726348877, 0.7933233976364136, 0.7246648073196411, 0.6720772385597229, 0.6317989230155945, 0.6009485721588135, 0.5773194432258606, 0.5592211484909058, 0.545359194278717, 0.5347418785095215, 0.5266098380088806, 0.5203812122344971, 0.5156105756759644, 0.5119565725326538, 0.5091578960418701]}
INFO:__main__:Perplexities: [2.2727763652801514, 4.445059776306152, 10.609975814819336, 8.237446784973145, 7.389242649078369, 15.094705581665039, 4.301587104797363, 6.123819828033447, 8.019415855407715, 24.522661209106445, 10.915595054626465, 5.862858772277832]
INFO:__main__:Perplexities mean: 8.9829, std: 5.99
INFO:__main__:Exit points mean: 7.2172, std: 5.0535
INFO:__main__:Exit frequencies: {1: 0.0712, 2: 0.1989, 3: 0.0931, 4: 0.0401, 5: 0.0894, 6: 0.0456, 7: 0.0347, 8: 0.0347, 9: 0.0274, 10: 0.0566, 11: 0.0602, 12: 0.0255, 13: 0.0201, 14: 0.0128, 15: 0.1898}
INFO:__main__:
INFO:__main__:Writing csv file.
INFO:__main__:Finished.
